| Test.kt:2:24:2:28 | src | Test.kt:5:13:5:16 | getProp(...) |
